Traceback (most recent call last):
  File "<string>", line 9, in <module>
AttributeError: 'ReviewResult' object has no attribute 'export_data'
